// Jest Snapshot v1, https://goo.gl/fbAQLP

exports[`<Main /> should render the Heading 1`] = `
.c0 {
  background-color: #333333;
  color: #fff;
  width: 100%;
  height: 100vh;
  padding: 3rem;
  text-align: center;
  display: -webkit-box;
  display: -webkit-flex;
  display: -ms-flexbox;
  display: flex;
  -webkit-flex-direction: column;
  -ms-flex-direction: column;
  flex-direction: column;
  -webkit-align-items: center;
  -webkit-box-align: center;
  -ms-flex-align: center;
  align-items: center;
  -webkit-box-pack: center;
  -webkit-justify-content: center;
  -ms-flex-pack: center;
  justify-content: center;
}

.c0 p {
  font-size: 1.6rem;
  margin-bottom: 2rem;
}

<main
  class="c0"
>
  <h1>
    Showcase Marcos Domingues
  </h1>
  <p>
    Transformando Códigos em Experiências Visuais.
  </p>
</main>
`;
